Mindrail Init

Config: /repo/.mindrail/config.toml (created)
Knowledge directories created:
  .mindrail/knowledge/decisions
  .mindrail/knowledge/invariants
Migrations applied:
  000001 initial  2026-03-14T09:26:53Z

Mindrail Status

Readiness: READY

Repository
  Common dir:      /repo/.git
  Worktree root:   /repo
  Git dir:         /repo/.git
  Linked worktree: false
  Git version:     git version 2.55.0

Runtime
  DB path:        /repo/.git/mindrail/mindrail.db
  Cache dir:      /repo/.git/mindrail/cache
  Schema version: 1
  Journal mode:   wal
  Initialized:    true

Knowledge
  Present:                  true
  Decisions:                2
  Invariants:               1
  Problems:                 0
  Write schema version:     1
  Readable schema versions: 1

Workspace
  Registered:   true
  Workspace id: WS-01JQ8N6X5T0000000000000000
  Project id:   PRJ-01JQ8N6X5T0000000000000000

Components
  ✓ knowledge                     Knowledge store readable (2 decisions, 1 invariant)
  · inventory     NOT_APPLICABLE  File inventory is not built by this version.
  · syntax        NOT_APPLICABLE  Syntax index is not built by this version.
  · semantic      NOT_APPLICABLE  Semantic index is not built by this version.
  · coverage_map  NOT_APPLICABLE  Coverage map is not built by this version.
  ✓ runtime_db                    Runtime database healthy

Duration: 3ms

READY FOR TARGETED WORK
