Mindrail Init

Config: /repo/.mindrail/config.toml (created)
Knowledge directories: already present
Migrations applied: none (the runtime schema was not established)

Mindrail Status

Readiness: BLOCKED
Blocking component: runtime_db

Next:
mindrail init

Repository
  Common dir:      /repo/.git
  Worktree root:   /repo
  Git dir:         /repo/.git
  Linked worktree: false
  Git version:     git version 2.55.0

Runtime
  DB path:        /repo/.git/mindrail/mindrail.db
  Cache dir:      /repo/.git/mindrail/cache
  Schema version: 0
  Initialized:    false

Knowledge
  Present:                  true
  Decisions:                2
  Invariants:               1
  Problems:                 0
  Findings:                 0
  Write schema version:     1
  Readable schema versions: 1

Workspace
  Registered: false

Coordination
  Tasks open:        0
  Tasks in progress: 0
  Tasks blocked:     0
  Last checkpoint:   none

Components
  ✓ knowledge                     Knowledge store readable (2 decisions, 1 invariant)
  · inventory     NOT_APPLICABLE  File inventory is not built by this version.
  · syntax        NOT_APPLICABLE  Syntax index is not built by this version.
  · semantic      NOT_APPLICABLE  Semantic index is not built by this version.
  · coverage_map  NOT_APPLICABLE  Coverage map is not built by this version.
  – runtime_db    UNAVAILABLE     Runtime database not initialized
      Next: mindrail init

Duration: 3ms

BLOCKED: the runtime database has not been created
