command
data.command
data.config_created
data.config_path
data.duration_ms
data.knowledge_dirs_created[]
data.migrations_applied[].applied_at
data.migrations_applied[].checksum
data.migrations_applied[].name
data.migrations_applied[].version
data.schema_current
data.status.command
data.status.components.coverage_map.state
data.status.components.coverage_map.summary
data.status.components.inventory.state
data.status.components.inventory.summary
data.status.components.knowledge.state
data.status.components.knowledge.summary
data.status.components.runtime_db.state
data.status.components.runtime_db.summary
data.status.components.semantic.state
data.status.components.semantic.summary
data.status.components.syntax.state
data.status.components.syntax.summary
data.status.duration_ms
data.status.knowledge.decisions
data.status.knowledge.invariants
data.status.knowledge.observation
data.status.knowledge.present
data.status.knowledge.problems
data.status.knowledge.readable_schema_versions[]
data.status.knowledge.write_schema_version
data.status.readiness
data.status.repository.common_dir
data.status.repository.git_dir
data.status.repository.git_version
data.status.repository.is_linked_worktree
data.status.repository.worktree_root
data.status.runtime.cache_dir
data.status.runtime.db_path
data.status.runtime.initialized
data.status.runtime.journal_mode
data.status.runtime.observation
data.status.runtime.schema_version
data.status.workspace.observation
data.status.workspace.project_id
data.status.workspace.registered
data.status.workspace.workspace_id
data.terminal_state
ok
