command
data.command
data.components.coverage_map.state
data.components.coverage_map.summary
data.components.inventory.state
data.components.inventory.summary
data.components.inventory.units
data.components.knowledge.state
data.components.knowledge.summary
data.components.runtime_db.state
data.components.runtime_db.summary
data.components.semantic.state
data.components.semantic.summary
data.components.syntax.failed
data.components.syntax.pending
data.components.syntax.phase
data.components.syntax.state
data.components.syntax.summary
data.coordination.last_checkpoint
data.coordination.leases_active
data.coordination.observation
data.coordination.tasks_blocked
data.coordination.tasks_in_progress
data.coordination.tasks_open
data.duration_ms
data.knowledge.decisions
data.knowledge.findings
data.knowledge.invariants
data.knowledge.observation
data.knowledge.present
data.knowledge.problems
data.knowledge.readable_schema_versions[]
data.knowledge.write_schema_version
data.readiness
data.repository.common_dir
data.repository.git_dir
data.repository.git_version
data.repository.is_linked_worktree
data.repository.observation
data.repository.worktree_root
data.runtime.cache_dir
data.runtime.db_path
data.runtime.initialized
data.runtime.journal_mode
data.runtime.observation
data.runtime.schema_version
data.workspace.observation
data.workspace.project_id
data.workspace.registered
data.workspace.workspace_id
ok
